[surfhousebarcelona.com/index.html]
[surfhousebarcelona.com/apple-touch-SHB.jpg]
[surfhousebarcelona.com/img/shb-favicon.png]
[surfhousebarcelona.com/slick/slick.html]
[surfhousebarcelona.com/js/vendor/outdatedbrowser.min.js]
[code.jquery.com/jquery-migrate-1.2.1.min.js]
[www.google-analytics.com/analytics.js]
[backblue.gif]
[fade.gif]
[index.html]
[surfhousebarcelona.com/js/vendor/openWeather.js]
[code.jquery.com/jquery-1.11.0.min.js]
[surfhousebarcelona.com/img/shb.gif]
[surfhousebarcelona.com/en.html]
[surfhousebarcelona.com/es.html]
[surfhousebarcelona.com/home.html]
[surfhousebarcelona.com/fooddrinks.html]
[surfhousebarcelona.com/activities.html]
[surfhousebarcelona.com/about.html]
[surfhousebarcelona.com/img/home/logo.png]
[surfhousebarcelona.com/img/home/fooddrinks-rollover.png]
[surfhousebarcelona.com/img/home/.html]
[surfhousebarcelona.com/img/home/btn-external.png]
[surfhousebarcelona.com/img/home/about-rollover.png]
[surfhousebarcelona.com/img/home/locat.png]
[surfhousebarcelona.com/img/home/shb-delivery-icon.png]
[surfhousebarcelona.com/img/home/fb.png]
[surfhousebarcelona.com/img/home/ig.png]
[surfhousebarcelona.com/img/home/mail.png]
[surfhousebarcelona.com/index.html]
[surfhousebarcelona.com/js/menu.js]
[surfhousebarcelona.com/en.html]
[surfhousebarcelona.com/es.html]
[surfhousebarcelona.com/home.html]
[surfhousebarcelona.com/js/fooddrinks.js]
[surfhousebarcelona.com/img/fooddrinks/title.png]
[surfhousebarcelona.com/img/down-arrow.png]
[surfhousebarcelona.com/img/fooddrinks/back.png]
[surfhousebarcelona.com/img/fooddrinks/next.png]
[surfhousebarcelona.com/img/fooddrinks/food/1.jpg]
[surfhousebarcelona.com/img/fooddrinks/food/2.jpg]
[surfhousebarcelona.com/img/fooddrinks/food/3.jpg]
[surfhousebarcelona.com/img/fooddrinks/food/4.jpg]
[surfhousebarcelona.com/img/fooddrinks/food/5.jpg]
[surfhousebarcelona.com/img/fooddrinks/food/6.jpg]
[surfhousebarcelona.com/img/fooddrinks/food/7.jpg]
[surfhousebarcelona.com/img/fooddrinks/food/8.jpg]
[surfhousebarcelona.com/img/fooddrinks/food/9.jpg]
[surfhousebarcelona.com/img/fooddrinks/food/10.jpg]
[surfhousebarcelona.com/img/fooddrinks/food/15.jpg]
[surfhousebarcelona.com/img/fooddrinks/food/16.jpg]
[surfhousebarcelona.com/img/fooddrinks/food/17.jpg]
[surfhousebarcelona.com/img/fooddrinks/food/11.jpg]
[surfhousebarcelona.com/img/fooddrinks/food/12.jpg]
[surfhousebarcelona.com/img/fooddrinks/food/13.jpg]
[surfhousebarcelona.com/img/fooddrinks/food/14.jpg]
[surfhousebarcelona.com/img/fooddrinks/food/18.jpg]
[surfhousebarcelona.com/img/fooddrinks/food/19.jpg]
[surfhousebarcelona.com/img/fooddrinks/food/20.jpg]
[surfhousebarcelona.com/pdf/MENU_SHB_CASTELLANO.pdf]
[surfhousebarcelona.com/img/fooddrinks/download-icon-b.png]
[surfhousebarcelona.com/img/fooddrinks/drinks/1.jpg]
[surfhousebarcelona.com/img/fooddrinks/drinks/2.jpg]
[surfhousebarcelona.com/img/fooddrinks/drinks/3.jpg]
[surfhousebarcelona.com/img/fooddrinks/drinks/4.jpg]
[surfhousebarcelona.com/img/fooddrinks/drinks/5.jpg]
[surfhousebarcelona.com/img/fooddrinks/drinks/6.jpg]
[surfhousebarcelona.com/img/fooddrinks/drinks/7.jpg]
[surfhousebarcelona.com/img/fooddrinks/drinks/8.jpg]
[surfhousebarcelona.com/img/fooddrinks/drinks/9.jpg]
[surfhousebarcelona.com/img/fooddrinks/drinks/10.jpg]
[surfhousebarcelona.com/img/fooddrinks/drinks/11.jpg]
[surfhousebarcelona.com/img/fooddrinks/drinks/12.jpg]
[surfhousebarcelona.com/img/fooddrinks/drinks/13.jpg]
[surfhousebarcelona.com/img/fooddrinks/drinks/14.jpg]
[surfhousebarcelona.com/img/fooddrinks/drinks/15.jpg]
[surfhousebarcelona.com/img/fooddrinks/drinks/16.jpg]
[surfhousebarcelona.com/img/fooddrinks/drinks/17.jpg]
[surfhousebarcelona.com/img/fooddrinks/drinks/18.jpg]
[surfhousebarcelona.com/img/fooddrinks/drinks/19.jpg]
[surfhousebarcelona.com/pdf/BEBIDAS_SHB_CASTELLANO.pdf]
[surfhousebarcelona.com/img/fooddrinks/download-icon.png]
[surfhousebarcelona.com/fooddrinks.html]
[surfhousebarcelona.com/img/fooddrinks/map.png]
[surfhousebarcelona.com/js/activities.js]
[surfhousebarcelona.com/home/index.html]
[surfhousebarcelona.com/img/activities/title.png]
[surfhousebarcelona.com/img/activities/surfer.png]
[surfhousebarcelona.com/img/activities/merienda-icon@2x.png]
[surfhousebarcelona.com/img/activities/clock@2x.png]
[surfhousebarcelona.com/img/activities/ladies-night-icon@2x.png]
[surfhousebarcelona.com/img/activities/beach-yoga-icon@2x.png]
[surfhousebarcelona.com/img/activities/moreinfo@2x.png]
[surfhousebarcelona.com/img/activities/paddle-surf-icon@2x.png]
[surfhousebarcelona.com/img/activities/mail@2x.png]
[surfhousebarcelona.com/img/activities/chocolate-icon@2x.png]
[surfhousebarcelona.com/img/activities/beach-cleaning-icon@2x.png]
[surfhousebarcelona.com/img/activities/free.png]
[surfhousebarcelona.com/img/activities/paddle-boards-icon@2x.png]
[surfhousebarcelona.com/img/activities/magali-icon@2x.png]
[surfhousebarcelona.com/img/activities/shb-trips-icon@2x.png]
[surfhousebarcelona.com/img/activities/pack-karts-icon@2x.png]
[surfhousebarcelona.com/fooddrinks/index.html]
[surfhousebarcelona.com/img/activities/pack-jet-ski-icon@2x.png]
[surfhousebarcelona.com/img/activities/pack-water-day-icon@2x.png]
[surfhousebarcelona.com/img/activities/pack-beach-combo-icon@2x.png]
[surfhousebarcelona.com/img/activities/pack-sailing-icon@2x.png]
[surfhousebarcelona.com/img/activities/pack-private-icon@2x.png]
[surfhousebarcelona.com/activities.html]
[surfhousebarcelona.com/pdf/Agenda-SHB(ESP).pdf]
[surfhousebarcelona.com/activities/index.html]
[surfhousebarcelona.com/js/about.js]
[surfhousebarcelona.com/img/about/title.png]
[surfhousebarcelona.com/about/index.html]
[surfhousebarcelona.com/team/andrea-luelmo.html]
[surfhousebarcelona.com/team/helen-saigi.html]
[surfhousebarcelona.com/team/alex-knopfel.html]
[surfhousebarcelona.com/team/jony-gonzalez.html]
[surfhousebarcelona.com/team/jan-bein.html]
[surfhousebarcelona.com/team/carles-medina.html]
[surfhousebarcelona.com/team/claris-carrasco.html]
[surfhousebarcelona.com/team/eli-melero.html]
[surfhousebarcelona.com/about.html]
[surfhousebarcelona.com/home/index.html]
[surfhousebarcelona.com/fooddrinks/index.html]
[surfhousebarcelona.com/activities/index.html]
[surfhousebarcelona.com/about/index.html]
[surfhousebarcelona.com/team/adria-perarnau.html]
[surfhousebarcelona.com/team/andrea-luelmo.html]
[surfhousebarcelona.com/img/about/team/andrea-luelmo-s.jpg]
[surfhousebarcelona.com/team/helen-saigi.html]
[surfhousebarcelona.com/img/about/team/helen-saigi-s.jpg]
[surfhousebarcelona.com/team/alex-knopfel.html]
[surfhousebarcelona.com/img/about/team/alex-knopfel-s.jpg]
[surfhousebarcelona.com/team/jony-gonzalez.html]
[surfhousebarcelona.com/img/about/team/jony-gonzalez-s.jpg]
[surfhousebarcelona.com/team/jan-bein.html]
[surfhousebarcelona.com/img/about/team/jan-bein-s.jpg]
[surfhousebarcelona.com/team/carles-medina.html]
[surfhousebarcelona.com/img/about/team/carles-medina-s.jpg]
[surfhousebarcelona.com/team/claris-carrasco.html]
[surfhousebarcelona.com/img/about/team/claris-carrasco-s.jpg]
[surfhousebarcelona.com/img/about/team/eli-melero-s.jpg]
[surfhousebarcelona.com/team/eli-melero.html]
[surfhousebarcelona.com/img/about/team/adria-perarnau-s.jpg]
[surfhousebarcelona.com/team/adria-perarnau.html]
[surfhousebarcelona.com/css/normalize.css]
[code.jquery.com/jquery-migrate-1.2.1.min.js]
[surfhousebarcelona.com/css/outdatedbrowser.css]
[surfhousebarcelona.com/js/vendor/jquery-2.1.4.min.js,vendor/modernizr.custom.js,vendor/fsvs.js,vendor/respimage.min.js,vendor/dragdealer.min.js,vendor/classie.js,vendor/jquery.cookie/jquery.cookiecuttr.b.de]
[surfhousebarcelona.com/css/animations.css]
[code.jquery.com/jquery-1.11.0.min.js]
[surfhousebarcelona.com/css/font-awesome-animation.css]
[surfhousebarcelona.com/js/vendor/outdatedbrowser.min.js]
[surfhousebarcelona.com/slick/slick.html]
[surfhousebarcelona.com/js/vendor/openWeather.js]
[surfhousebarcelona.com/css/cookiecuttr.css]
[surfhousebarcelona.com/img/fooddrinks/bg-portada.jpg]
[surfhousebarcelona.com/img/fooddrinks/portada.jpg]
[surfhousebarcelona.com/img/fooddrinks/bg-slide-2.jpg]
[surfhousebarcelona.com/img/fooddrinks/bg-slide-5.jpg]
[surfhousebarcelona.com/img/fooddrinks/bg-food.jpg]
[surfhousebarcelona.com/img/fooddrinks/bg-drinks.jpg]
[surfhousebarcelona.com/img/fooddrinks/bg-portada@2x.jpg]
[surfhousebarcelona.com/img/fooddrinks/portada@2x.jpg]
[surfhousebarcelona.com/img/fooddrinks/bg-slide-2@2x.jpg]
[surfhousebarcelona.com/img/fooddrinks/bg-food@2x.jpg]
[surfhousebarcelona.com/img/fooddrinks/bg-drinks@2x.jpg]
[surfhousebarcelona.com/img/fooddrinks/bg-slide-5@2x.jpg]
[surfhousebarcelona.com/img/home/bg-home.jpg]
[surfhousebarcelona.com/img/home/portada.jpg]
[surfhousebarcelona.com/img/home/tile-food.jpg]
[surfhousebarcelona.com/img/home/tile-activities.jpg]
[surfhousebarcelona.com/img/home/tile-wheels.jpg]
[surfhousebarcelona.com/img/home/tile-shop.jpg]
[surfhousebarcelona.com/img/btn-external@2x.png]
[surfhousebarcelona.com/img/home/bg-home@2x.jpg]
[surfhousebarcelona.com/img/home/portada@2x.jpg]
[surfhousebarcelona.com/img/home/tile-food@2x.jpg]
[surfhousebarcelona.com/img/home/tile-activities@2x.jpg]
[surfhousebarcelona.com/img/home/tile-wheels@2x.jpg]
[surfhousebarcelona.com/img/home/tile-shop@2x.jpg]
[surfhousebarcelona.com/img/home/close.png]
[surfhousebarcelona.com/img/home/close@2x.png]
[surfhousebarcelona.com/img/activities/bg-portada.jpg]
[surfhousebarcelona.com/img/activities/portada.jpg]
[surfhousebarcelona.com/img/activities/beach-workout.jpg]
[surfhousebarcelona.com/img/activities/ladies-night.jpg]
[surfhousebarcelona.com/img/activities/shb-running.jpg]
[surfhousebarcelona.com/img/activities/moritz-bucket.jpg]
[surfhousebarcelona.com/img/activities/paddle-surf.jpg]
[surfhousebarcelona.com/img/activities/lecucut.jpg]
[surfhousebarcelona.com/img/activities/beach-cleaning.jpg]
[surfhousebarcelona.com/img/activities/wine-night.jpg]
[surfhousebarcelona.com/img/activities/mojito-time.jpg]
[surfhousebarcelona.com/img/activities/nachos.jpg]
[surfhousebarcelona.com/img/activities/paddle-boards.jpg]
[surfhousebarcelona.com/img/activities/surfers-workout.jpg]
[surfhousebarcelona.com/img/activities/chocolate.jpg]
[surfhousebarcelona.com/img/activities/merienda.jpg]
[surfhousebarcelona.com/img/activities/live-music.jpg]
[surfhousebarcelona.com/img/activities/magali.jpg]
[surfhousebarcelona.com/img/activities/pack-karts.jpg]
[surfhousebarcelona.com/img/activities/pack-jet-ski.jpg]
[surfhousebarcelona.com/img/activities/pack-water-day.jpg]
[surfhousebarcelona.com/img/activities/pack-beach-combo.jpg]
[surfhousebarcelona.com/img/activities/pack-sailing.jpg]
[surfhousebarcelona.com/img/activities/pack-private.jpg]
[surfhousebarcelona.com/img/activities/shb-trips.jpg]
[surfhousebarcelona.com/img/activities/beach-workout@2x.jpg]
[surfhousebarcelona.com/img/activities/ladies-night@2x.c2.delayed]
[surfhousebarcelona.com/js/menu.js]
[surfhousebarcelona.com/img/activities/shb-running@2x.jpg]
[surfhousebarcelona.com/img/activities/moritz-bucket@2x.jpg]
[surfhousebarcelona.com/img/activities/paddle-surf@2x.jpg]
[surfhousebarcelona.com/img/activities/lecucut@2x.jpg]
[surfhousebarcelona.com/img/activities/beach-cleaning@2x.jpg]
[surfhousebarcelona.com/img/activities/wine-night@2x.jpg]
[surfhousebarcelona.com/img/activities/mojito-time@2x.jpg]
[surfhousebarcelona.com/img/activities/nachos@2x.jpg]
[surfhousebarcelona.com/img/activities/paddle-boards@2x.jpg]
[surfhousebarcelona.com/img/activities/surfers-workout@2x.jpg]
[surfhousebarcelona.com/img/activities/chocolate@2x.jpg]
[surfhousebarcelona.com/img/activities/merienda@2x.jpg]
[surfhousebarcelona.com/img/activities/live-music@2x.jpg]
[surfhousebarcelona.com/img/activities/magali@2x.jpg]
[surfhousebarcelona.com/img/activities/pack-karts@2x.jpg]
[surfhousebarcelona.com/img/activities/pack-jet-ski@2x.jpg]
[surfhousebarcelona.com/img/activities/pack-water-day@2x.jpg]
[surfhousebarcelona.com/img/activities/pack-beach-combo@2x.jpg]
[surfhousebarcelona.com/img/activities/pack-sailing@2x.jpg]
[surfhousebarcelona.com/js/vendor/jquery-2.1.4.min.js,vendor/modernizr.custom.js,vendor/respimage.min.js,vendor/dragdealer.min.js,vendor/classie.js,vendor/jquery.easings.min.js,vendor/jquery.fullPage.24.dela]
[surfhousebarcelona.com/img/activities/pack-private@2x.jpg]
[surfhousebarcelona.com/img/activities/shb-trips@2x.jpg]
[surfhousebarcelona.com/img/activities/bg-activities.jpg]
[surfhousebarcelona.com/img/activities/bg-special-events.jpg]
[surfhousebarcelona.com/img/activities/bg-slide-5.jpg]
[surfhousebarcelona.com/img/activities/bg-portada@2x.jpg]
[surfhousebarcelona.com/js/fooddrinks.js]
[surfhousebarcelona.com/img/activities/portada@2x.jpg]
[surfhousebarcelona.com/img/activities/bg-activities@2x.jpg]
[surfhousebarcelona.com/img/activities/bg-special-events@2x.jpg]
[surfhousebarcelona.com/img/activities/bg-slide-5@2x.jpg]
[surfhousebarcelona.com/img/about/bg-collage.jpg]
[surfhousebarcelona.com/img/about/bg-portada.jpg]
[surfhousebarcelona.com/img/about/portada.jpg]
[surfhousebarcelona.com/img/about/team/jony-gonzalez.jpg]
[surfhousebarcelona.com/img/about/team/bg-jony-gonzalez.jpg]
[surfhousebarcelona.com/img/about/team/jan-bein.jpg]
[surfhousebarcelona.com/img/about/team/bg-jan-bein.jpg]
[surfhousebarcelona.com/img/about/team/andrea-luelmo.jpg]
[surfhousebarcelona.com/img/about/team/bg-andrea-luelmo.jpg]
[surfhousebarcelona.com/img/about/team/albert-hernandez.jpg]
[surfhousebarcelona.com/img/about/team/bg-albert-hernandez.jpg]
[surfhousebarcelona.com/img/about/team/alex-knopfel.jpg]
[surfhousebarcelona.com/img/about/team/bg-alex-knopfel.jpg]
[surfhousebarcelona.com/img/about/team/helen-saigi.jpg]
[surfhousebarcelona.com/img/about/team/bg-helen-saigi.jpg]
[surfhousebarcelona.com/img/about/team/carles-medina.jpg]
[surfhousebarcelona.com/img/about/team/bg-carles-medina.jpg]
[surfhousebarcelona.com/img/about/team/claris-carrasco.jpg]
[surfhousebarcelona.com/img/about/team/bg-claris-carrasco.jpg]
[surfhousebarcelona.com/img/about/team/pablo-viaplana.jpg]
[surfhousebarcelona.com/img/about/team/bg-pablo-viaplana.jpg]
[surfhousebarcelona.com/img/about/team/eli-melero.jpg]
[surfhousebarcelona.com/img/about/team/bg-eli-melero.jpg]
[surfhousebarcelona.com/img/about/team/adria-perarnau.jpg]
[surfhousebarcelona.com/img/about/team/bg-adria-perarnau.jpg]
[surfhousebarcelona.com/img/about/bg-team.jpg]
[surfhousebarcelona.com/img/about/bg-slide-5.jpg]
[surfhousebarcelona.com/img/about/bg-collage@2x.jpg]
[surfhousebarcelona.com/img/about/bg-portada@2x.jpg]
[surfhousebarcelona.com/img/about/portada@2x.jpg]
[surfhousebarcelona.com/img/about/bg-team@2x.jpg]
[surfhousebarcelona.com/img/about/bg-slide-5@2x.jpg]
[surfhousebarcelona.com/img/about/team/albert-hernandez@2x.jpg]
[surfhousebarcelona.com/img/about/team/bg-albert-hernandez@2x.jpg]
[surfhousebarcelona.com/img/about/team/alex-knopfel@2x.jpg]
[surfhousebarcelona.com/img/about/team/bg-alex-knopfel@2x.jpg]
[surfhousebarcelona.com/img/about/team/carles-medina@2x.jpg]
[surfhousebarcelona.com/img/about/team/bg-carles-medina@2x.jpg]
[surfhousebarcelona.com/img/about/team/pablo-viaplana@2x.jpg]
[surfhousebarcelona.com/img/about/team/bg-pablo-viaplana@2x.jpg]
[surfhousebarcelona.com/img/about/team/eli-melero@2x.jpg]
[surfhousebarcelona.com/img/about/team/bg-eli-melero@2x.jpg]
[surfhousebarcelona.com/img/about/team/claris-carrasco@2x.jpg]
[surfhousebarcelona.com/img/about/team/bg-claris-carrasco@2x.jpg]
[surfhousebarcelona.com/img/about/team/adria-perarnau@2x.jpg]
[surfhousebarcelona.com/img/about/team/bg-adria-perarnau@2x.jpg]
[surfhousebarcelona.com/img/about/team/jan-bein@2x.jpg]
[surfhousebarcelona.com/img/about/team/bg-jan-bein@2x.jpg]
[surfhousebarcelona.com/img/about/team/andrea-luelmo@2x.jpg]
[surfhousebarcelona.com/img/about/team/bg-andrea-luelmo@2x.jpg]
[surfhousebarcelona.com/img/about/team/helen-saigi@2x.jpg]
[surfhousebarcelona.com/img/about/team/bg-helen-saigi@2x.jpg]
[surfhousebarcelona.com/img/about/team/jony-gonzalez@2x.jpg]
[surfhousebarcelona.com/img/about/team/bg-jony-gonzalez@2x.jpg]
[surfhousebarcelona.com/img/home/close-popup.png]
[surfhousebarcelona.com/css/main_home.css]
[surfhousebarcelona.com/img/home/close-popup@2x.png]
[surfhousebarcelona.com/img/home/.html]
[surfhousebarcelona.com/img/btn-external.png]
[surfhousebarcelona.com/img/activities/volley.jpg]
[surfhousebarcelona.com/img/activities/wake.jpg]
[surfhousebarcelona.com/img/activities/wsports.jpg]
[surfhousebarcelona.com/img/activities/yoga.jpg]
[surfhousebarcelona.com/img/activities/beach-yoga.jpg]
[surfhousebarcelona.com/img/activities/fries.jpg]
[surfhousebarcelona.com/img/activities/volley@2x.jpg]
[surfhousebarcelona.com/img/activities/wake@2x.jpg]
[surfhousebarcelona.com/img/activities/wsports@2x.jpg]
[surfhousebarcelona.com/img/activities/yoga@2x.jpg]
[surfhousebarcelona.com/img/activities/beach-yoga@2x.jpg]
[surfhousebarcelona.com/img/activities/fries@2x.jpg]
[surfhousebarcelona.com/css/main_all.css]
[surfhousebarcelona.com/css/animations_all.css]
[surfhousebarcelona.com/css/jquery.fullPage.css]
[surfhousebarcelona.com/js/activities.js]
[surfhousebarcelona.com/home/index.html]
[surfhousebarcelona.com/js/vendor/jquery-2.1.4.min.js,vendor/modernizr.custom.js,vendor/fsvs.js,vendor/respimage.min.js,vendor/dragdealer.js,vendor/classie.js,vendor/jquery.cookie.js,/jquery.cookiecuttr.7a.d]
[surfhousebarcelona.com/team/andrea-luelmo.html]
[surfhousebarcelona.com/css/fonts/museosans-100-webfont.eot]
[surfhousebarcelona.com/css/fonts/museosans-100-webfontd41d.eot]
[surfhousebarcelona.com/css/fonts/museosans-100-webfont.woff]
[surfhousebarcelona.com/css/fonts/museosans-100-webfont.ttf]
[surfhousebarcelona.com/css/fonts/museosans-300-webfont.eot]
[surfhousebarcelona.com/css/fonts/museosans-300-webfont.woff]
[surfhousebarcelona.com/css/fonts/museosans-300-webfont.ttf]
[surfhousebarcelona.com/css/fonts/museosans_500-webfont.eot]
[surfhousebarcelona.com/css/fonts/museosans_500-webfont.woff]
[surfhousebarcelona.com/css/fonts/museosans_500-webfont.ttf]
[surfhousebarcelona.com/css/fonts/museosans_700-webfont.eot]
[surfhousebarcelona.com/css/fonts/museosans_700-webfont.woff]
[surfhousebarcelona.com/css/fonts/museosans_700-webfont.ttf]
[surfhousebarcelona.com/css/fonts/museosans_900-webfont.eot]
[surfhousebarcelona.com/css/fonts/museosans_900-webfont.woff]
[surfhousebarcelona.com/css/fonts/museosans_900-webfont.ttf]
[surfhousebarcelona.com/css/fonts/BebasNeue.otf]
[surfhousebarcelona.com/css/mainf16e.css]
[surfhousebarcelona.com/css/inc/fonts/museosans-100-webfont.eot]
[surfhousebarcelona.com/css/inc/fonts/museosans-100-webfont.woff]
[surfhousebarcelona.com/css/inc/fonts/museosans-100-webfont.ttf]
[surfhousebarcelona.com/css/inc/fonts/museosans-300-webfont.eot]
[surfhousebarcelona.com/css/inc/fonts/museosans-300-webfont.woff]
[surfhousebarcelona.com/css/inc/fonts/museosans-300-webfont.ttf]
[surfhousebarcelona.com/css/inc/fonts/museosans_500-webfont.eot]
[surfhousebarcelona.com/css/inc/fonts/museosans_500-webfont.woff]
[surfhousebarcelona.com/css/inc/fonts/museosans_500-webfont.ttf]
[surfhousebarcelona.com/css/inc/fonts/museosans_700-webfont.eot]
[surfhousebarcelona.com/css/inc/fonts/museosans_700-webfont.woff]
[surfhousebarcelona.com/css/inc/fonts/museosans_700-webfont.ttf]
[surfhousebarcelona.com/css/inc/fonts/museosans_900-webfont.eot]
[surfhousebarcelona.com/css/inc/fonts/museosans_900-webfont.woff]
[surfhousebarcelona.com/css/inc/fonts/museosans_900-webfont.ttf]
[surfhousebarcelona.com/css/inc/fonts/BebasNeue.otf]
[surfhousebarcelona.com/css/inc/fonts.css]
[surfhousebarcelona.com/css/fonts/museosans-300-webfontd41d.eot]
[surfhousebarcelona.com/css/fonts/museosans_500-webfontd41d.eot]
[surfhousebarcelona.com/css/fonts/museosans_700-webfontd41d.eot]
[surfhousebarcelona.com/css/fonts/museosans_900-webfontd41d.eot]
[surfhousebarcelona.com/css/inc/fonts/museosans-100-webfontd41d.eot]
[surfhousebarcelona.com/css/inc/fonts/museosans-300-webfontd41d.eot]
[surfhousebarcelona.com/css/inc/fonts/museosans_500-webfontd41d.eot]
[surfhousebarcelona.com/css/inc/fonts/museosans_700-webfontd41d.eot]
[surfhousebarcelona.com/css/inc/fonts/museosans_900-webfontd41d.eot]
[s3-us-west-2.amazonaws.com/s.cdpn.io/93/artill_clean_icons-webfont.svg]
[surfhousebarcelona.com/css/fonts/museosans-100-webfont.html]
[surfhousebarcelona.com/css/fonts/museosans-100-webfont.svg]
[surfhousebarcelona.com/css/fonts/museosans-300-webfont.html]
[surfhousebarcelona.com/css/fonts/museosans-300-webfont.svg]
[surfhousebarcelona.com/css/fonts/museosans_500-webfont.html]
[surfhousebarcelona.com/css/fonts/museosans_500-webfont.svg]
[surfhousebarcelona.com/css/fonts/museosans_700-webfont.html]
[surfhousebarcelona.com/css/fonts/museosans_700-webfont.svg]
[surfhousebarcelona.com/css/fonts/museosans_900-webfont.html]
[surfhousebarcelona.com/css/fonts/museosans_900-webfont.svg]
[surfhousebarcelona.com/css/inc/fonts/museosans-100-webfont.html]
[surfhousebarcelona.com/css/inc/fonts/museosans-100-webfont.svg]
[surfhousebarcelona.com/css/inc/fonts/museosans-300-webfont.html]
[surfhousebarcelona.com/css/inc/fonts/museosans-300-webfont.svg]
[surfhousebarcelona.com/css/inc/fonts/museosans_500-webfont.html]
[surfhousebarcelona.com/css/inc/fonts/museosans_500-webfont.svg]
[surfhousebarcelona.com/css/inc/fonts/museosans_700-webfont.html]
[surfhousebarcelona.com/css/inc/fonts/museosans_700-webfont.svg]
[surfhousebarcelona.com/css/inc/fonts/museosans_900-webfont.html]
[surfhousebarcelona.com/css/inc/fonts/museosans_900-webfont.svg]
